[www.cumby.com/index.html]
[backblue.gif]
[fade.gif]
[index.html]
[www.cumby.com/wp-content/themes/wscumby/images/favicon.png]
[www.cumby.com/wp-content/themes/wscumby/screenshot.jpg]
[use.typekit.net/xgi8voe.css]
[www.cumby.com/wp-content/themes/wscumby/css/normalize.css]
[www.cumby.com/wp-content/themes/wscumby/css/icons.css]
[www.cumby.com/wp-content/themes/wscumby/style.css]
[www.cumby.com/feed/index.html]
[cdn.jsdelivr.net/fontawesome/4.7.0/css/font-awesome.min37cb.css]
[www.cumby.com/comments/feed/index.html]
[www.cumby.com/xmlrpc0db0.php]
[www.cumby.com/wp-json/index.html]
[www.cumby.com/wp-includes/wlwmanifest.xml]
[www.cumby.com/wp-json/oembed/1.0/embeddb3b.json]
[www.cumby.com/wp-json/oembed/1.0/embed916e]
[www.cumby.com/wp-content/themes/wscumby/images/menu-lockup@2x.png]
[www.cumby.com/wp-content/uploads/2018/03/shipley1.jpg]
[www.cumby.com/news/index.html]
[www.cumby.com/our-company/index.html]
[www.cumby.com/projects/index.html]
[www.cumby.com/wp-content/uploads/2018/02/home-hero2.jpg]
[www.cumby.com/projects/academic/index.html]
[www.cumby.com/projects/corporate/index.html]
[www.cumby.com/wp-content/uploads/2018/02/home-hero3.jpg]
[www.cumby.com/projects/religious/index.html]
[www.cumby.com/projects/historic/index.html]
[www.cumby.com/wp-content/uploads/2018/03/NPPR3-1.jpg]
[www.cumby.com/projects/multifamily/index.html]
[www.cumby.com/projects/leed-green-building/index.html]
[www.cumby.com/wp-content/themes/wscumby/images/svg/pattern1.svg]
[www.cumby.com/projects/senior-living/index.html]
[www.cumby.com/wp-content/uploads/2018/03/2017_11_10DigSwa01_A.jpg]
[www.cumby.com/services/index.html]
[www.cumby.com/wp-content/themes/wscumby/images/proj-spacer-slot1.png]
[www.cumby.com/services/pre-construction/index.html]
[www.cumby.com/wp-content/uploads/2018/03/20171021-DSC_1580-ps-pc.jpg]
[www.cumby.com/services/construction/index.html]
[www.cumby.com/wp-content/themes/wscumby/images/proj-spacer-slot2.png]
[www.cumby.com/services/design-build/index.html]
[www.cumby.com/wp-content/uploads/2018/03/StevenHollArchitects_IAS_WestEntry_WH.jpg]
[www.cumby.com/services/virtual-design-construction/index.html]
[www.cumby.com/wp-content/themes/wscumby/images/proj-spacer-slot3.png]
[www.cumby.com/services/high-performance-sustainable-building/index.html]
[www.cumby.com/wp-content/uploads/2018/03/DSC_0041.jpg]
[www.cumby.com/services/special-projects/index.html]
[www.cumby.com/wp-content/themes/wscumby/images/proj-spacer-slot4.png]
[www.cumby.com/contact/index.html]
[www.cumby.com/wp-content/uploads/2018/03/2_roeblinglofts_exteriorafter-1.jpg]
[www.cumby.com/subcontractors/index.html]
[www.cumby.com/wp-content/themes/wscumby/images/svg/pattern2.svg]
[www.cumby.com/wp-content/themes/wscumby/images/svg/pattern3.svg]
[www.cumby.com/wp-content/uploads/2018/02/home-history.jpg]
[www.cumby.com/wp-content/themes/wscumby/images/history-lockup@2x.png]
[www.cumby.com/wp-content/themes/wscumby/images/services-spacer.png]
[www.cumby.com/wp-content/uploads/2018/02/home-services1.jpg]
[www.cumby.com/wp-content/uploads/2018/02/home-services2.jpg]
[www.cumby.com/wp-content/uploads/2018/02/home-services3.jpg]
[www.cumby.com/wp-content/uploads/2018/02/home-services4.jpg]
[www.cumby.com/wp-content/uploads/2018/02/home-services5.jpg]
[www.cumby.com/wp-content/uploads/2018/02/home-services6.jpg]
[www.cumby.com/wp-content/uploads/2018/02/home-service-icon1.png]
[www.cumby.com/wp-content/uploads/2018/02/home-service-icon2.png]
[www.cumby.com/wp-content/uploads/2018/02/home-service-icon3.png]
[www.cumby.com/wp-content/uploads/2018/02/home-service-icon4.png]
[www.cumby.com/wp-content/uploads/2018/02/home-service-icon5.png]
[www.cumby.com/wp-content/uploads/2018/02/home-service-icon6.png]
[www.cumby.com/wp-content/uploads/2018/08/St-Joes-Precon.jpg]
[www.cumby.com/wp-content/themes/wscumby/images/home-news-spacer1.png]
[www.cumby.com/wp-content/uploads/2018/03/exterior-with-logo.jpg]
[www.cumby.com/wp-content/themes/wscumby/images/home-news-spacer2.png]
[www.cumby.com/wp-content/uploads/2018/07/download.png]
[www.cumby.com/wp-content/themes/wscumby/images/home-news-spacer3.png]
[www.cumby.com/wp-content/uploads/2018/06/small_DSC_0111b.jpg]
[www.cumby.com/wp-content/uploads/2018/06/website_DSC_0033edit.jpg]
[www.cumby.com/wp-content/themes/wscumby/images/svg/pattern-footer.svg]
[ajax.googleapis.com/ajax/libs/jquery/3.1.1/jquery.min.js]
[cdnjs.cloudflare.com/ajax/libs/gsap/latest/TweenMax.min.js]
[www.cumby.com/wp-content/themes/wscumby/js/CustomEase.js]
[www.cumby.com/wp-content/themes/wscumby/js/DrawSVGPlugin.js]
[www.cumby.com/wp-content/themes/wscumby/js/wscumby.js]
[www.cumby.com/index.html]
[use.typekit.net/af/c225e2/000000000000000000011aff/27/l652f]
[use.typekit.net/af/c225e2/000000000000000000011aff/27/d652f]
[use.typekit.net/af/c225e2/000000000000000000011aff/27/a652f]
[use.typekit.net/af/c5ee9a/0000000000000000000157a9/27/l652f]
[use.typekit.net/af/c5ee9a/0000000000000000000157a9/27/d652f]
[use.typekit.net/af/c5ee9a/0000000000000000000157a9/27/a652f]
[use.typekit.net/af/ae3a38/0000000000000000000157af/27/le003]
[use.typekit.net/af/ae3a38/0000000000000000000157af/27/de003]
[use.typekit.net/af/ae3a38/0000000000000000000157af/27/ae003]
[use.typekit.net/af/c07bfb/0000000000000000000157b1/27/le196]
[use.typekit.net/af/c07bfb/0000000000000000000157b1/27/de196]
[use.typekit.net/af/c07bfb/0000000000000000000157b1/27/ae196]
[use.typekit.net/af/7eae32/0000000000000000000157b2/27/lfdcc]
[use.typekit.net/af/7eae32/0000000000000000000157b2/27/dfdcc]
[use.typekit.net/af/7eae32/0000000000000000000157b2/27/afdcc]
[use.typekit.net/xgi8voe.css]
[www.cumby.com/wp-content/themes/wscumby/css/normalize.css]
[www.cumby.com/wp-content/themes/wscumby/css/fonts/icomoon5116.eot]
[www.cumby.com/wp-content/themes/wscumby/css/fonts/icomoon5116.woff2]
[www.cumby.com/wp-content/themes/wscumby/css/fonts/icomoon5116.ttf]
[www.cumby.com/wp-content/themes/wscumby/css/fonts/icomoon5116.woff]
[www.cumby.com/wp-content/themes/wscumby/css/icons.css]
[www.cumby.com/wp-content/themes/wscumby/css/fonts/icomoon5116.svg]
[www.cumby.com/wp-content/themes/wscumby/style.css]
[cdn.jsdelivr.net/fontawesome/4.7.0/css/font-awesome.min37cb.css]
[www.cumby.com/wp-json/oembed/1.0/embedd312.json]
[www.cumby.com/wp-json/oembed/1.0/embedd072]
[www.cumby.com/wp-content/themes/wscumby/images/grid-spacer-slot1.png]
[www.cumby.com/wp-content/themes/wscumby/images/grid-spacer-slot2.png]
[www.cumby.com/wp-content/themes/wscumby/images/grid-spacer-slot4.png]
[www.cumby.com/wp-content/themes/wscumby/images/grid-spacer-slot5.png]
[www.cumby.com/wp-content/uploads/2018/06/website_180417_411.jpg]
[www.cumby.com/wp-content/uploads/2018/03/29-546-G-RT72-dpi.jpg]
[www.cumby.com/wp-content/uploads/2018/05/small_DSC_0070.jpg]
[www.cumby.com/wp-content/uploads/2018/05/small_DSC_0126.jpg]
[www.cumby.com/wp-content/uploads/2018/04/small_2017_11_10DigSwa07_A.jpg]
[www.cumby.com/wp-content/uploads/2018/04/small_DSC_0012.jpg]
[www.cumby.com/wp-content/uploads/2018/04/fg_180327_6945-1.jpg]
[www.cumby.com/wp-content/uploads/2018/04/Rubenstein-Groundbreaking-152-1.jpg]
[www.cumby.com/wp-content/uploads/2018/03/DSC_0259-1.jpg]
[www.cumby.com/wp-content/uploads/2018/02/abc-awards-2017a.jpg]
[www.cumby.com/wp-content/uploads/2018/02/news-detail1.jpg]
[www.cumby.com/wp-content/uploads/2018/02/img_1088.jpg]
[www.cumby.com/wp-content/uploads/2018/02/2016_06_15_swainn13_a.jpg]
[www.cumby.com/wp-content/uploads/2018/02/dsc_0045.jpg]
[www.cumby.com/wp-content/uploads/2018/03/Academy-of-Notre-Dame.jpg]
[www.cumby.com/wp-content/uploads/2018/02/dsc_0001.jpg]
[www.cumby.com/wp-content/uploads/2018/02/Roebling-Lofts.jpg]
[www.cumby.com/wp-content/uploads/2018/02/Philadelphia-Country-Club-Bar.jpg]
[www.cumby.com/wp-content/uploads/2018/02/Construction_Swarthmore-College.jpg]
[www.cumby.com/wp-content/uploads/2018/03/princeton-inside.jpg]
[www.cumby.com/wp-content/uploads/2018/03/fg_180219_2701.jpg]
[www.cumby.com/wp-content/uploads/2018/03/scrc-08-student-commons-exterior.jpg]
[www.cumby.com/wp-content/uploads/2018/03/Certified-Sustainable-Partner.jpg]
[www.cumby.com/wp-content/uploads/2018/03/Construction-Begins-Construction_Stoneleigh-Mansion.jpg]
[www.cumby.com/wp-content/uploads/2018/03/Saunders-House-Senior-Living-Renovations.jpg]
[www.cumby.com/news/index.html]
[www.cumby.com/construction-update-benchmark-school/index.html]
[www.cumby.com/new-innovations-in-construction-technology-at-w-s-cumby/index.html]
[www.cumby.com/wp-json/oembed/1.0/embedbe76.json]
[www.cumby.com/sneak-peek-merion-cricket-club/index.html]
[www.cumby.com/wp-json/oembed/1.0/embed65fd]
[www.cumby.com/w-s-cumby-launches-new-special-projects-division/index.html]
[www.cumby.com/wp-content/uploads/2018/02/people-hero.jpg]
[www.cumby.com/savestoneleigh/index.html]
[www.cumby.com/wp-content/uploads/2018/03/fg_180219_2680r-3.jpg]
[www.cumby.com/atria-center-city-is-complete/index.html]
[www.cumby.com/wp-content/uploads/2018/03/fg_180219_2473-3.jpg]
[www.cumby.com/flashback-friday-mollie-dodd-anderson-library/index.html]
[www.cumby.com/wp-content/uploads/2018/03/fg_180219_2606-1.jpg]
[www.cumby.com/construction-update-sesame-place/index.html]
[www.cumby.com/wp-content/uploads/2018/04/2016_06_15_SwaInn13_A-1.jpg]
[www.cumby.com/construction-update-friends-central-school/index.html]
[www.cumby.com/wp-content/uploads/2018/04/billjr_square-1.jpg]
[www.cumby.com/ppr-apartments-at-swarthmore-college/index.html]
[www.cumby.com/wp-content/uploads/2018/04/bill3_square-1.jpg]
[www.cumby.com/wp-content/uploads/2018/04/craig_square-1.jpg]
[www.cumby.com/green-strategy-porous-paving/index.html]
[www.cumby.com/wp-content/uploads/2018/04/mjb_square-1.jpg]
[www.cumby.com/construction-update-merion-cricket-club/index.html]
[www.cumby.com/w-s-cumby-breaks-ground-at-the-institute-for-advanced-study/index.html]
[www.cumby.com/wp-content/uploads/2018/04/mob_square-1.jpg]
[www.cumby.com/w-s-cumby-breaks-ground-at-the-benchmark-school/index.html]
[www.cumby.com/wp-content/uploads/2018/04/erik_square-1.jpg]
[www.cumby.com/w-s-cumby-named-general-contractor-of-the-year-at-abc-eastern-pas-annual-excellence-in-construction-awards/index.html]
[www.cumby.com/wp-content/uploads/2018/04/mab_square-1.jpg]
[www.cumby.com/construction-is-complete-at-the-shipley-schools-squash-court-and-rowing-center/index.html]
[www.cumby.com/wp-content/uploads/2018/02/people-img5.jpg]
[www.cumby.com/w-s-cumby-breaks-ground-at-greene-street-friends-school/index.html]
[www.cumby.com/wp-content/themes/wscumby/images/team-spacer-slot1.png]
[www.cumby.com/swarthmore-town-center-west-awarded-suburban-project-of-the-year-by-ace-mentor-program-of-eastern-pa/index.html]
[www.cumby.com/construction-update-the-shipley-school-squash-court-and-rowing-center/index.html]
[www.cumby.com/w-s-cumby-wins-preservation-alliance-grand-jury-award-for-academy-of-notre-dame-de-namurs-mansion-building/index.html]
[www.cumby.com/wp-content/uploads/2018/02/people-img6.jpg]
[www.cumby.com/w-s-cumby-welcomes-mike-bennett-as-director-of-preconstruction/index.html]
[www.cumby.com/construction-update-roebling-lofts/index.html]
[www.cumby.com/wp-content/uploads/2018/02/people-img7.jpg]
[www.cumby.com/our-company/index.html]
[www.cumby.com/w-s-cumby-is-exhibiting-at-the-philadelphia-hospitality-trade-show/index.html]
[www.cumby.com/construction-update-new-residence-hall-at-swarthmore-college/index.html]
[www.cumby.com/princeton-university-lakeside-graduate-community-achieves-leed-gold-certification/index.html]
[www.cumby.com/wp-json/oembed/1.0/embed855c.json]
[www.cumby.com/w-s-cumby-announces-new-marketing-roles/index.html]
[www.cumby.com/shipley-school-student-commons-achieves-leed-silver-certification/index.html]
[www.cumby.com/wp-json/oembed/1.0/embed1a01]
[www.cumby.com/w-s-cumby-a-certified-sustaining-partner-with-the-dvgbc/index.html]
[www.cumby.com/wp-content/uploads/2018/02/project-detail-hav-hero.jpg]
[www.cumby.com/construction-begins-at-stoneleigh-mansion-in-villanova/index.html]
[www.cumby.com/wp-content/uploads/2018/03/Lobby_2.jpg]
[www.cumby.com/roebling-center-development-plan-concept-video/index.html]
[www.cumby.com/wp-content/uploads/2018/03/100305-01.jpg]
[www.cumby.com/historic-restoration-complete-at-the-academy-of-notre-dame-de-namur-mansion/index.html]
[www.cumby.com/wp-content/uploads/2018/03/Andy-Shelter-April.jpg]
[www.cumby.com/w-s-cumby-completes-saunders-house-senior-living-renovations/index.html]
[www.cumby.com/wp-content/uploads/2018/03/20140610-C81_4695.jpg]
[www.cumby.com/wp-content/themes/wscumby/images/lockup.svg]
[www.cumby.com/projects/academic/the-inn-at-swarthmore/index.html]
[www.cumby.com/wp-content/uploads/2018/03/Side-of-Hort-Center-Paul-Meyer.jpg]
[www.cumby.com/wp-content/uploads/2018/03/RL_GF_090511_0075_S.jpg]
[www.cumby.com/projects/index.html]
[www.cumby.com/projects/historic/learning-and-resource-center/index.html]
[www.cumby.com/projects/religious/trinity-episcopal-church/index.html]
[www.cumby.com/projects/academic/dana-hallowell-residence-hall/index.html]
[www.cumby.com/wp-json/oembed/1.0/embedf0ff.json]
[www.cumby.com/projects/academic/student-commons-and-arts-center/index.html]
[www.cumby.com/wp-json/oembed/1.0/embed934e]
[www.cumby.com/projects/historic/kidzoou/index.html]
[www.cumby.com/wp-content/uploads/2018/03/29-546-K-RT8.5x11.jpg]
[www.cumby.com/projects/academic/kim-tritton-residence-halls/index.html]
[www.cumby.com/wp-content/uploads/2018/03/2016_06_15_SwaInn13_A.jpg]
[www.cumby.com/projects/leed-green-building/morris-arboretum-horticulture-center/index.html]
[www.cumby.com/wp-content/uploads/2018/03/Swarthmore-3a.jpg]
[www.cumby.com/projects/religious/church-of-the-redeemer/index.html]
[www.cumby.com/wp-content/uploads/2018/03/IMG_0355.jpg]
[www.cumby.com/projects/senior-living/the-glasstown-residence-at-river-park/index.html]
[www.cumby.com/wp-content/uploads/2018/03/20151123-C81_9535.jpg]
[www.cumby.com/projects/academic/index.html]
[www.cumby.com/projects/academic/mollie-dodd-anderson-library/index.html]
[www.cumby.com/projects/corporate/dansko-corporate-headquarters/index.html]
[www.cumby.com/projects/leed-green-building/alice-paul-residence-hall/index.html]
[www.cumby.com/wp-json/oembed/1.0/embede68a.json]
[www.cumby.com/projects/religious/st-davids-episcopal-church/index.html]
[www.cumby.com/wp-json/oembed/1.0/embedc49d]
[www.cumby.com/projects/religious/bryn-mawr-presbyterian-church/index.html]
[www.cumby.com/wp-content/uploads/2018/03/i-9qnz4cd.jpg]
[www.cumby.com/projects/corporate/barthco-international-inc/index.html]
[www.cumby.com/wp-content/uploads/2018/03/016.jpg]
[www.cumby.com/wp-content/uploads/2018/03/03a.jpg]
[www.cumby.com/wp-content/uploads/2018/03/080709-26.jpg]
[www.cumby.com/wp-content/uploads/2018/03/i-8tzTHSK.jpg]
[www.cumby.com/wp-content/uploads/2018/03/NextFab_115P2.jpg]
[www.cumby.com/wp-content/uploads/2018/03/ws_cumby_photo16.jpg]
[www.cumby.com/wp-content/uploads/2018/03/5.jpg]
[www.cumby.com/projects/corporate/index.html]
[www.cumby.com/wp-json/oembed/1.0/embed1c9e.json]
[www.cumby.com/wp-json/oembed/1.0/embed7530]
[www.cumby.com/wp-content/uploads/2018/03/Overall_Interior.jpg]
[www.cumby.com/wp-content/uploads/2018/03/2007JT66.401.jpg]
[www.cumby.com/wp-content/uploads/2018/03/Exterior_overall.jpg]
[www.cumby.com/wp-content/uploads/2018/03/20151209-C81_9762.jpg]
[www.cumby.com/projects/religious/index.html]
[www.cumby.com/wp-json/oembed/1.0/embed2f21.json]
[www.cumby.com/wp-json/oembed/1.0/embed1527]
[www.cumby.com/wp-content/uploads/2018/03/091019-06.jpg]
[www.cumby.com/wp-content/uploads/2018/03/KidZooU-1_west-view-with-climb_copyright-SMP.jpg]
[www.cumby.com/wp-content/uploads/2018/03/29-543-B-RT8.5x11a.jpg]
[www.cumby.com/wp-content/uploads/2018/03/2016_06_01_MGAShip18_A-1.jpg]
[www.cumby.com/wp-content/uploads/2018/03/2.21.14_brynmawrfilm-1.jpg]
[www.cumby.com/projects/historic/index.html]
[www.cumby.com/wp-json/oembed/1.0/embed8963.json]
[www.cumby.com/wp-json/oembed/1.0/embed42c7]
[www.cumby.com/wp-content/uploads/2018/06/small_Roebling-Lofts-03.jpg]
[www.cumby.com/wp-content/uploads/2018/03/IMG_3939.jpg]
[www.cumby.com/projects/multifamily/index.html]
[www.cumby.com/wp-json/oembed/1.0/embed3147.json]
[www.cumby.com/wp-json/oembed/1.0/embed1f7c]
[www.cumby.com/wp-content/uploads/2018/03/090305-05.jpg]
[www.cumby.com/wp-content/uploads/2018/03/Main-Lobby-1a.jpg]
[www.cumby.com/wp-content/uploads/2018/03/WS-Cumby-Swathmore-College-Exteriors-c-Rob-Ikeler-2008-078.jpg]
[www.cumby.com/wp-content/uploads/2018/03/Classroom.jpg]
[www.cumby.com/wp-content/uploads/2018/03/HR_1113-25b.jpg]
[www.cumby.com/projects/leed-green-building/index.html]
[www.cumby.com/wp-json/oembed/1.0/embed157d.json]
[www.cumby.com/wp-json/oembed/1.0/embed44f9]
[www.cumby.com/wp-content/uploads/2018/03/170719_403.jpg]
[www.cumby.com/wp-content/uploads/2018/03/Beaumont-@-Bryn.jpg]
[www.cumby.com/wp-content/uploads/2018/03/Lounge8.jpg]
[www.cumby.com/wp-content/uploads/2018/03/ford3img-5.jpg]
[www.cumby.com/wp-content/uploads/2018/03/080620-05.jpg]
[www.cumby.com/wp-content/uploads/2018/03/DSC_0332.jpg]
[www.cumby.com/projects/senior-living/index.html]
[www.cumby.com/wp-json/oembed/1.0/embed5c31.json]
[www.cumby.com/wp-json/oembed/1.0/embed8260]
[www.cumby.com/services/index.html]
[www.cumby.com/wp-json/oembed/1.0/embed6207.json]
[www.cumby.com/wp-json/oembed/1.0/embed2bb0]
[www.cumby.com/wp-content/uploads/2018/02/service-icon-menu1.svg]
[www.cumby.com/wp-content/uploads/2018/02/service-icon-menu2.svg]
[www.cumby.com/wp-content/uploads/2018/02/service-icon-menu3.svg]
[www.cumby.com/wp-content/uploads/2018/02/service-icon-menu4.svg]
[www.cumby.com/wp-content/uploads/2018/02/service-icon-menu5.svg]
[www.cumby.com/wp-content/uploads/2018/02/service-icon-menu6.svg]
[www.cumby.com/wp-content/uploads/2018/02/service-hero1.jpg]
[www.cumby.com/wp-content/uploads/2018/02/service-icons-hero1.svg]
[www.cumby.com/wp-content/uploads/2018/02/service-img1.jpg]
[www.cumby.com/wp-content/uploads/2018/02/service-img2.jpg]
[www.cumby.com/wp-content/uploads/2018/02/case-study_Shipley-School.jpg]
[www.cumby.com/wp-content/uploads/2018/02/service-img3.jpg]
[www.cumby.com/wp-content/uploads/2018/02/service-img4.jpg]
[www.cumby.com/wp-content/uploads/2018/02/service-case2.jpg]
[www.cumby.com/wp-content/uploads/2018/02/service-icons-includes1.svg]
[www.cumby.com/services/pre-construction/index.html]
[www.cumby.com/wp-json/oembed/1.0/embedd2fd.json]
[www.cumby.com/wp-json/oembed/1.0/embed6be9]
[www.cumby.com/wp-content/uploads/2018/02/service-hero2.jpg]
[www.cumby.com/wp-content/uploads/2018/02/service-icons-hero2.svg]
[www.cumby.com/wp-content/uploads/2018/02/const3.jpg]
[www.cumby.com/wp-content/uploads/2018/02/const4.jpg]
[www.cumby.com/wp-content/uploads/2018/02/hallowell.jpg]
[www.cumby.com/wp-content/uploads/2018/02/const1-1.jpg]
[www.cumby.com/wp-content/uploads/2018/02/const2.jpg]
[www.cumby.com/wp-content/uploads/2018/02/cricket.jpg]
[www.cumby.com/wp-content/uploads/2018/02/service-icons-includes2.svg]
[www.cumby.com/services/construction/index.html]
[www.cumby.com/wp-json/oembed/1.0/embedbe25.json]
[www.cumby.com/wp-json/oembed/1.0/embed658c]
[www.cumby.com/wp-content/uploads/2018/03/service-hero3.jpg]
[www.cumby.com/wp-content/uploads/2018/02/service-icons-hero3.svg]
[www.cumby.com/wp-content/uploads/2018/02/design1.jpg]
[www.cumby.com/wp-content/uploads/2018/02/design3.jpg]
[www.cumby.com/wp-content/uploads/2018/02/benchmark.jpg]
[www.cumby.com/wp-content/uploads/2018/02/design6.jpg]
[www.cumby.com/wp-content/uploads/2018/02/design5.jpg]
[www.cumby.com/wp-content/uploads/2018/02/rvcc.jpg]
[www.cumby.com/wp-content/uploads/2018/02/service-icons-includes3.svg]
[www.cumby.com/services/design-build/index.html]
[www.cumby.com/wp-json/oembed/1.0/embed06de.json]
[www.cumby.com/wp-json/oembed/1.0/embedaccc]
[www.cumby.com/wp-content/uploads/2018/02/service-hero4.jpg]
[www.cumby.com/wp-content/uploads/2018/02/service-icons-hero5.svg]
[www.cumby.com/wp-content/uploads/2018/03/vdc1.jpg]
[www.cumby.com/wp-content/uploads/2018/03/vdc2.jpg]
[www.cumby.com/wp-content/uploads/2018/03/Swarthmore-3-cs.jpg]
[www.cumby.com/wp-content/uploads/2018/03/vdc3.jpg]
[www.cumby.com/wp-content/uploads/2018/03/vdc4.jpg]
[www.cumby.com/wp-content/uploads/2018/02/service-icons-includes4.svg]
[www.cumby.com/services/virtual-design-construction/index.html]
[www.cumby.com/wp-json/oembed/1.0/embed79bb.json]
[www.cumby.com/wp-json/oembed/1.0/embedfb9a]
[www.cumby.com/wp-content/uploads/2018/02/service-hero5.jpg]
[www.cumby.com/wp-content/uploads/2018/02/service-icons-hero4.svg]
[www.cumby.com/wp-content/uploads/2018/02/high1.jpg]
[www.cumby.com/wp-content/uploads/2018/02/high2.jpg]
[www.cumby.com/wp-content/uploads/2018/02/stonybrook.jpg]
[www.cumby.com/wp-content/uploads/2018/02/high3.jpg]
[www.cumby.com/wp-content/uploads/2018/02/high4.jpg]
[www.cumby.com/wp-content/uploads/2018/02/princeton.jpg]
[www.cumby.com/wp-content/uploads/2018/02/service-icons-includes5.svg]
[www.cumby.com/services/high-performance-sustainable-building/index.html]
[www.cumby.com/wp-json/oembed/1.0/embed2c9f.json]
[www.cumby.com/wp-json/oembed/1.0/embedb24f]
[www.cumby.com/wp-content/uploads/2018/02/service-hero6.jpg]
[www.cumby.com/wp-content/uploads/2018/02/service-icons-hero6.svg]
[www.cumby.com/wp-content/uploads/2018/02/special1.jpg]
[www.cumby.com/wp-content/uploads/2018/02/special2.jpg]
[www.cumby.com/wp-content/uploads/2018/02/haverford.jpg]
[www.cumby.com/wp-content/uploads/2018/02/special3.jpg]
[www.cumby.com/wp-content/uploads/2018/02/special4.jpg]
[www.cumby.com/wp-content/uploads/2018/02/sesame.jpg]
[www.cumby.com/wp-content/uploads/2018/02/service-icons-includes6.svg]
[www.cumby.com/services/special-projects/index.html]
[www.cumby.com/wp-json/oembed/1.0/embed7515.json]
[www.cumby.com/wp-json/oembed/1.0/embed4b77]
[www.cumby.com/wp-content/themes/wscumby/images/svg/pattern1-dark.svg]
[www.cumby.com/contact/index.html]
[www.cumby.com/prequalification-form/index.html]
[www.cumby.com/see-whats-bidding/index.html]
[www.cumby.com/wp-json/oembed/1.0/embed6822.json]
[www.cumby.com/subcontractors/index.html]
[www.cumby.com/wp-json/oembed/1.0/embeda775]
[www.cumby.com/wp-content/themes/wscumby/images/svg/pattern1.svg]
[www.cumby.com/wp-content/themes/wscumby/images/svg/pattern2.svg]
[www.cumby.com/wp-content/themes/wscumby/images/svg/pattern3.svg]
[www.cumby.com/wp-content/uploads/2018/03/shipley1.jpg]
[www.cumby.com/wp-content/uploads/2018/06/small_DSC_0111b.jpg]
[www.cumby.com/wp-content/themes/wscumby/images/svg/pattern-footer.svg]
[www.cumby.com/wp-content/themes/wscumby/js/CustomEase.js]
[www.cumby.com/wp-content/themes/wscumby/js/DrawSVGPlugin.js]
[www.cumby.com/wp-content/themes/wscumby/js/wscumby.js]
[p.typekit.net/pe719.css]
[www.cumby.com/wp-content/themes/wscumby/css/fonts/icomoon5116.svg]
[www.cumby.com/indexfbd5.html]
[www.cumby.com/wp-json/oembed/1.0/embed91a8.json]
[www.cumby.com/construction-update-benchmark-school/feed/index.html]
[www.cumby.com/demolition-begins-at-sisters-of-st-joseph-chapel/index.html]
[www.cumby.com/wp-json/oembed/1.0/embed9827]
[www.cumby.com/wp-content/uploads/2018/07/website_DSC_0203.jpg]
[www.cumby.com/wp-content/uploads/2018/07/website_DSC_0294.jpg]
[www.cumby.com/wp-content/uploads/2018/07/website_DSC_0283.jpg]
[www.cumby.com/construction-update-benchmark-school/index.html]
[www.cumby.com/wp-json/oembed/1.0/embed7105.json]
[www.cumby.com/new-innovations-in-construction-technology-at-w-s-cumby/feed/index.html]
[www.cumby.com/wp-json/oembed/1.0/embed56e9]
[www.cumby.com/new-innovations-in-construction-technology-at-w-s-cumby/index.html]
[www.cumby.com/wp-json/oembed/1.0/embed4030.json]
[www.cumby.com/sneak-peek-merion-cricket-club/feed/index.html]
[www.cumby.com/wp-json/oembed/1.0/embedf623]
[www.cumby.com/wp-content/uploads/2018/06/small_DSC_0067b.jpg]
[www.cumby.com/wp-content/uploads/2018/06/DSC_0004.jpg]
[www.cumby.com/wp-content/uploads/2018/06/small_DSC_0131.jpg]
[www.cumby.com/wp-content/uploads/2018/06/small_DSC_0087.jpg]
[www.cumby.com/sneak-peek-merion-cricket-club/index.html]
[www.cumby.com/wp-json/oembed/1.0/embedccd5.json]
[www.cumby.com/w-s-cumby-launches-new-special-projects-division/feed/index.html]
[www.cumby.com/wp-json/oembed/1.0/embed61ca]
[www.cumby.com/w-s-cumby-launches-new-special-projects-division/index.html]
[www.cumby.com/wp-json/oembed/1.0/embed5645.json]
[www.cumby.com/savestoneleigh/feed/index.html]
[www.cumby.com/wp-json/oembed/1.0/embedf871]
[www.cumby.com/wp-content/uploads/2018/03/9_stoneleigh_exteriorbackafter.jpg]
[www.cumby.com/wp-content/uploads/2018/03/11_stoneleigh_officeafter.jpg]
[www.cumby.com/wp-content/uploads/2018/03/DSC_0255.jpg]
[www.cumby.com/savestoneleigh/index.html]
[www.cumby.com/wp-json/oembed/1.0/embed8021.json]
[www.cumby.com/atria-center-city-is-complete/feed/index.html]
[www.cumby.com/wp-json/oembed/1.0/embed1b2f]
[www.cumby.com/wp-content/uploads/2018/06/website_180417_406.jpg]
[www.cumby.com/wp-content/uploads/2018/06/website_180417_418.jpg]
[www.cumby.com/wp-content/uploads/2018/06/website_180417_415.jpg]
[www.cumby.com/wp-content/uploads/2018/06/website_180417_402.jpg]
[www.cumby.com/atria-center-city-is-complete/index.html]
[www.cumby.com/wp-json/oembed/1.0/embed124a.json]
[www.cumby.com/flashback-friday-mollie-dodd-anderson-library/feed/index.html]
[www.cumby.com/wp-json/oembed/1.0/embed56d8]
[www.cumby.com/wp-content/uploads/2018/03/29-546-I-RT8.5x11.jpg]
[www.cumby.com/flashback-friday-mollie-dodd-anderson-library/index.html]
[www.cumby.com/construction-update-sesame-place/feed/index.html]
[www.cumby.com/wp-json/oembed/1.0/embed1a60.json]
[www.cumby.com/wp-json/oembed/1.0/embedbb62]
[www.cumby.com/wp-content/uploads/2018/05/small_DSC_0095.jpg]
[www.cumby.com/wp-content/uploads/2018/05/small_DSC_0059.jpg]
[www.cumby.com/wp-content/uploads/2018/05/small_DSC_0050.jpg]
[www.cumby.com/wp-content/uploads/2018/05/small_DSC_0078.jpg]
[www.cumby.com/wp-content/uploads/2018/05/small_DSC_0067.jpg]
[www.cumby.com/construction-update-sesame-place/index.html]
[www.cumby.com/wp-json/oembed/1.0/embed68f9.json]
[www.cumby.com/construction-update-friends-central-school/feed/index.html]
[www.cumby.com/wp-json/oembed/1.0/embedfcfe]
[www.cumby.com/wp-content/uploads/2018/05/small_DSC_0138.jpg]
[www.cumby.com/wp-content/uploads/2018/05/small_DSC_0134.jpg]
[www.cumby.com/wp-content/uploads/2018/05/small_DSC_0124.jpg]
[www.cumby.com/wp-content/uploads/2018/05/small_DSC_0131.jpg]
[www.cumby.com/construction-update-friends-central-school/index.html]
[www.cumby.com/wp-json/oembed/1.0/embedd6c1.json]
[www.cumby.com/ppr-apartments-at-swarthmore-college/feed/index.html]
[www.cumby.com/wp-json/oembed/1.0/embed7dcf]
[www.cumby.com/wp-content/uploads/2018/04/small_2017_11_10DigSwa09_B.jpg]
[www.cumby.com/wp-content/uploads/2018/04/smallcrop_2017_11_10DigSwa14_A.jpg]
[www.cumby.com/wp-content/uploads/2018/04/smallcrop_2017_11_10DigSwa22_A.jpg]
[www.cumby.com/ppr-apartments-at-swarthmore-college/index.html]
[www.cumby.com/wp-json/oembed/1.0/embedcb8e.json]
[www.cumby.com/green-strategy-porous-paving/feed/index.html]
[www.cumby.com/wp-json/oembed/1.0/embed767f]
[www.cumby.com/wp-content/uploads/2018/04/small_DSC_0010.jpg]
[www.cumby.com/green-strategy-porous-paving/index.html]
[www.cumby.com/wp-json/oembed/1.0/embed93b1.json]
[www.cumby.com/construction-update-merion-cricket-club/feed/index.html]
[www.cumby.com/wp-json/oembed/1.0/embed0ba0]
[www.cumby.com/wp-content/uploads/2018/04/fg_180327_6805-1.jpg]
[www.cumby.com/wp-content/uploads/2018/04/fg_180327_6975-1.jpg]
[www.cumby.com/wp-content/uploads/2018/04/fg_180327_6876-1.jpg]
[www.cumby.com/construction-update-merion-cricket-club/index.html]
[www.cumby.com/wp-json/oembed/1.0/embed91d9.json]
[www.cumby.com/w-s-cumby-breaks-ground-at-the-institute-for-advanced-study/feed/index.html]
[www.cumby.com/wp-json/oembed/1.0/embed1e6a]
[www.cumby.com/wp-content/uploads/2018/04/Rubenstein-Groundbreaking-164-1.jpg]
[www.cumby.com/wp-content/uploads/2018/04/square1.jpg]
[www.cumby.com/wp-content/uploads/2018/04/square2.jpg]
[www.cumby.com/w-s-cumby-breaks-ground-at-the-institute-for-advanced-study/index.html]
[www.cumby.com/wp-json/oembed/1.0/embed1279.json]
[www.cumby.com/w-s-cumby-breaks-ground-at-the-benchmark-school/feed/index.html]
[www.cumby.com/wp-json/oembed/1.0/embed8486]
[www.cumby.com/wp-content/uploads/2018/03/DSC_0246-1.jpg]
[www.cumby.com/wp-content/uploads/2018/03/DSC_0289-1.jpg]
[www.cumby.com/w-s-cumby-breaks-ground-at-the-benchmark-school/index.html]
[www.cumby.com/wp-json/oembed/1.0/embedf8ed.json]
[www.cumby.com/w-s-cumby-named-general-contractor-of-the-year-at-abc-eastern-pas-annual-excellence-in-construction-awards/feed/index.html]
[www.cumby.com/wp-json/oembed/1.0/embed8f55]
[www.cumby.com/w-s-cumby-named-general-contractor-of-the-year-at-abc-eastern-pas-annual-excellence-in-construction-awards/index.html]
[www.cumby.com/wp-json/oembed/1.0/embed5b80.json]
[www.cumby.com/construction-is-complete-at-the-shipley-schools-squash-court-and-rowing-center/feed/index.html]
[www.cumby.com/wp-json/oembed/1.0/embed2aad]
[www.cumby.com/wp-content/uploads/2018/02/news-detail2.jpg]
[www.cumby.com/wp-content/uploads/2018/02/news-detail3.jpg]
[www.cumby.com/construction-is-complete-at-the-shipley-schools-squash-court-and-rowing-center/index.html]
[www.cumby.com/wp-json/oembed/1.0/embedde5d.json]
[www.cumby.com/w-s-cumby-breaks-ground-at-greene-street-friends-school/feed/index.html]
[www.cumby.com/wp-json/oembed/1.0/embed5b31]
[www.cumby.com/w-s-cumby-breaks-ground-at-greene-street-friends-school/index.html]
[www.cumby.com/wp-json/oembed/1.0/embed0e33.json]
[www.cumby.com/swarthmore-town-center-west-awarded-suburban-project-of-the-year-by-ace-mentor-program-of-eastern-pa/feed/index.html]
[www.cumby.com/wp-json/oembed/1.0/embed1483]
[www.cumby.com/swarthmore-town-center-west-awarded-suburban-project-of-the-year-by-ace-mentor-program-of-eastern-pa/index.html]
[www.cumby.com/wp-json/oembed/1.0/embed719e.json]
[www.cumby.com/construction-update-the-shipley-school-squash-court-and-rowing-center/feed/index.html]
[www.cumby.com/construction-update-the-shipley-school-squash-court-and-rowing-center/index.html]
[www.cumby.com/wp-json/oembed/1.0/embed6d96]
[www.cumby.com/wp-json/oembed/1.0/embed4957.json]
[www.cumby.com/w-s-cumby-wins-preservation-alliance-grand-jury-award-for-academy-of-notre-dame-de-namurs-mansion-building/feed/index.html]
[www.cumby.com/w-s-cumby-wins-preservation-alliance-grand-jury-award-for-academy-of-notre-dame-de-namurs-mansion-building/index.html]
[www.cumby.com/wp-json/oembed/1.0/embedd205]
[www.cumby.com/w-s-cumby-welcomes-mike-bennett-as-director-of-preconstruction/feed/index.html]
[www.cumby.com/wp-json/oembed/1.0/embed64fe.json]
[www.cumby.com/w-s-cumby-welcomes-mike-bennett-as-director-of-preconstruction/index.html]
[www.cumby.com/wp-json/oembed/1.0/embed4a15]
[www.cumby.com/wp-json/oembed/1.0/embed8b78.json]
[www.cumby.com/construction-update-roebling-lofts/feed/index.html]
[www.cumby.com/construction-update-roebling-lofts/index.html]
[www.cumby.com/wp-json/oembed/1.0/embedeb53]
[www.cumby.com/wp-json/oembed/1.0/embedae44.json]
[www.cumby.com/w-s-cumby-is-exhibiting-at-the-philadelphia-hospitality-trade-show/feed/index.html]
[www.cumby.com/w-s-cumby-is-exhibiting-at-the-philadelphia-hospitality-trade-show/index.html]
[www.cumby.com/wp-json/oembed/1.0/embed2d92]
[www.cumby.com/wp-json/oembed/1.0/embed1f1c.json]
[www.cumby.com/construction-update-new-residence-hall-at-swarthmore-college/feed/index.html]
[www.cumby.com/construction-update-new-residence-hall-at-swarthmore-college/index.html]
[www.cumby.com/wp-json/oembed/1.0/embed91bd]
[www.cumby.com/wp-json/oembed/1.0/embed95a7.json]
[www.cumby.com/princeton-university-lakeside-graduate-community-achieves-leed-gold-certification/feed/index.html]
[www.cumby.com/princeton-university-lakeside-graduate-community-achieves-leed-gold-certification/index.html]
[www.cumby.com/wp-json/oembed/1.0/embedf02d]
[www.cumby.com/wp-json/oembed/1.0/embed2a51.json]
[www.cumby.com/w-s-cumby-announces-new-marketing-roles/feed/index.html]
[www.cumby.com/wp-json/oembed/1.0/embed7db6]
[www.cumby.com/w-s-cumby-announces-new-marketing-roles/index.html]
[www.cumby.com/wp-json/oembed/1.0/embed0e36.json]
[www.cumby.com/shipley-school-student-commons-achieves-leed-silver-certification/feed/index.html]
[www.cumby.com/wp-json/oembed/1.0/embed731e]
[www.cumby.com/shipley-school-student-commons-achieves-leed-silver-certification/index.html]
[www.cumby.com/wp-json/oembed/1.0/embed3359.json]
[www.cumby.com/w-s-cumby-a-certified-sustaining-partner-with-the-dvgbc/feed/index.html]
[www.cumby.com/wp-json/oembed/1.0/embed2c44]
[www.cumby.com/w-s-cumby-a-certified-sustaining-partner-with-the-dvgbc/index.html]
[www.cumby.com/wp-json/oembed/1.0/embed9e19.json]
[www.cumby.com/construction-begins-at-stoneleigh-mansion-in-villanova/feed/index.html]
[www.cumby.com/wp-json/oembed/1.0/embedd6ae]
[www.cumby.com/construction-begins-at-stoneleigh-mansion-in-villanova/index.html]
[www.cumby.com/wp-json/oembed/1.0/embedaeed.json]
[www.cumby.com/roebling-center-development-plan-concept-video/feed/index.html]
[www.cumby.com/wp-json/oembed/1.0/embed9c86]
[www.cumby.com/roebling-center-development-plan-concept-video/index.html]
[www.cumby.com/wp-json/oembed/1.0/embed687f.json]
[www.cumby.com/historic-restoration-complete-at-the-academy-of-notre-dame-de-namur-mansion/feed/index.html]
[www.cumby.com/wp-json/oembed/1.0/embed58e5]
[www.cumby.com/historic-restoration-complete-at-the-academy-of-notre-dame-de-namur-mansion/index.html]
[www.cumby.com/wp-json/oembed/1.0/embed5e45.json]
[www.cumby.com/w-s-cumby-completes-saunders-house-senior-living-renovations/feed/index.html]
[www.cumby.com/wp-json/oembed/1.0/embed3002]
[www.cumby.com/w-s-cumby-completes-saunders-house-senior-living-renovations/index.html]
[www.cumby.com/index2df4.html]
[www.cumby.com/wp-json/oembed/1.0/embeda324.json]
[www.cumby.com/wp-json/oembed/1.0/embedc6a3]
[www.cumby.com/wp-content/uploads/2018/03/2016_06_15_SwaInn15_A.jpg]
[www.cumby.com/wp-content/themes/wscumby/images/project-detail-spacer1.png]
[www.cumby.com/wp-content/uploads/2018/03/2016_06_15_SwaInn11_A.jpg]
[www.cumby.com/wp-content/uploads/2018/03/2016_06_15_SwaInn18_A.jpg]
[www.cumby.com/wp-content/themes/wscumby/images/project-detail-spacer2.png]
[www.cumby.com/wp-content/uploads/2018/03/2016_06_15_SwaInn06_A.jpg]
[www.cumby.com/wp-content/uploads/2018/03/2016_06_15_SwaInn25_A.jpg]
[www.cumby.com/wp-content/uploads/2018/03/2016_06_15_SwaInn02_A.jpg]
[www.cumby.com/projects/academic/the-inn-at-swarthmore/index.html]
[www.cumby.com/projects/academic/innovation-space/index.html]
[www.cumby.com/wp-json/oembed/1.0/embeda5bf.json]
[www.cumby.com/wp-json/oembed/1.0/embed747a]
[www.cumby.com/wp-content/uploads/2018/03/20160331-DSC_8227-02-pc.jpg]
[www.cumby.com/wp-content/uploads/2018/03/20160331-DSC_8337-01-pc-low.jpg]
[www.cumby.com/wp-content/uploads/2018/03/20160331-DSC_8785-06-pc2.jpg]
[www.cumby.com/projects/historic/learning-and-resource-center/index.html]
[www.cumby.com/projects/historic/stoneleigh-mansion/index.html]
[www.cumby.com/wp-json/oembed/1.0/embeddaf9.json]
[www.cumby.com/wp-json/oembed/1.0/embed289c]
[www.cumby.com/wp-content/uploads/2018/03/20151209-C81_9753.jpg]
[www.cumby.com/wp-content/uploads/2018/03/20151209-C81_9719.jpg]
[www.cumby.com/wp-content/uploads/2018/03/20151209-C81_9750.jpg]
[www.cumby.com/projects/religious/trinity-episcopal-church/index.html]
[www.cumby.com/wp-json/oembed/1.0/embed215b.json]
[www.cumby.com/wp-json/oembed/1.0/embedee06]
[www.cumby.com/wp-content/uploads/2018/03/20150903-C81_2489.jpg]
[www.cumby.com/wp-content/uploads/2018/03/Swarthmore-5x7-4th-fl.jpg]
[www.cumby.com/wp-content/uploads/2018/03/20150903-C81_2498.jpg]
[www.cumby.com/wp-content/uploads/2018/03/20150903-C81_2559.jpg]
[www.cumby.com/wp-content/uploads/2018/03/20150903-C81_2526.jpg]
[www.cumby.com/projects/academic/dana-hallowell-residence-hall/index.html]
[www.cumby.com/projects/academic/rubenstein-commons/index.html]
[www.cumby.com/wp-json/oembed/1.0/embed375c.json]
[www.cumby.com/wp-json/oembed/1.0/embed52dc]
[www.cumby.com/wp-content/uploads/2018/03/20151123-C81_9537.jpg]
[www.cumby.com/wp-content/uploads/2018/03/2016_06_01_MGAShip12_A.jpg]
[www.cumby.com/wp-content/uploads/2018/03/2016_06_01_MGAShip08_A.jpg]
[www.cumby.com/wp-content/uploads/2018/03/20150903-C81_2310.jpg]
[www.cumby.com/wp-content/uploads/2018/03/2015_11_18_MGAShip03_A.jpg]
[www.cumby.com/wp-content/uploads/2018/03/2016_06_01_MGAShip18_A.jpg]
[www.cumby.com/projects/academic/student-commons-and-arts-center/index.html]
[www.cumby.com/wp-json/oembed/1.0/embed9744.json]
[www.cumby.com/wp-json/oembed/1.0/embed54c3]
[www.cumby.com/wp-content/uploads/2018/03/KidZooU-6_goat-climb-2_copyright-SMP.jpg]
[www.cumby.com/wp-content/uploads/2018/03/KidZooU-5_tower_copyright-SMP.jpg]
[www.cumby.com/wp-content/uploads/2018/03/KidZooU-8_north-wing_copyright-SMP.jpg]
[www.cumby.com/wp-content/uploads/2018/03/KidZooU-7_handwash_copyright-SMP.jpg]
[www.cumby.com/wp-content/uploads/2018/03/KidZooU-9_south-wing_copyright-SMP.jpg]
[www.cumby.com/projects/historic/kidzoou/index.html]
[www.cumby.com/projects/historic/carl-a-fields-center/index.html]
[www.cumby.com/wp-json/oembed/1.0/embed8cbc.json]
[www.cumby.com/wp-json/oembed/1.0/embed74cb]
[www.cumby.com/wp-content/uploads/2018/02/project-detail-hav1.jpg]
[www.cumby.com/wp-content/uploads/2018/02/project-detail-hav2.jpg]
[www.cumby.com/wp-content/uploads/2018/02/project-detail-hav3.jpg]
[www.cumby.com/wp-content/uploads/2018/02/project-detail-hav4.jpg]
[www.cumby.com/wp-content/uploads/2018/02/project-detail-hav5.jpg]
[www.cumby.com/projects/academic/kim-tritton-residence-halls/index.html]
[www.cumby.com/wp-json/oembed/1.0/embed3127.json]
[www.cumby.com/wp-json/oembed/1.0/embed0db1]
[www.cumby.com/wp-content/uploads/2018/03/Morris-016.jpg]
[www.cumby.com/wp-content/uploads/2018/03/IMG_0821.jpg]
[www.cumby.com/wp-content/uploads/2018/03/Front-of-Hort-Center-Paul-Meyer-1.jpg]
[www.cumby.com/projects/leed-green-building/morris-arboretum-horticulture-center/index.html]
[www.cumby.com/projects/leed-green-building/kappen-aquatic-center/index.html]
[www.cumby.com/wp-json/oembed/1.0/embed4650.json]
[www.cumby.com/wp-json/oembed/1.0/embedc86e]
[www.cumby.com/wp-content/uploads/2018/03/100305-03.jpg]
[www.cumby.com/wp-content/uploads/2018/03/100305-02.jpg]
[www.cumby.com/wp-content/uploads/2018/03/100305-05.jpg]
[www.cumby.com/projects/religious/church-of-the-redeemer/index.html]
[www.cumby.com/projects/religious/pitman-united-methodist-church/index.html]
[www.cumby.com/wp-json/oembed/1.0/embede819.json]
[www.cumby.com/wp-json/oembed/1.0/embed4889]
[www.cumby.com/wp-content/uploads/2018/03/080620-06.jpg]
[www.cumby.com/wp-content/uploads/2018/03/080620-01.jpg]
[www.cumby.com/wp-content/uploads/2018/03/080620-03.jpg]
[www.cumby.com/projects/senior-living/the-glasstown-residence-at-river-park/index.html]
[www.cumby.com/projects/senior-living/waverly-heights/index.html]
[www.cumby.com/wp-json/oembed/1.0/embedfae6.json]
[www.cumby.com/wp-json/oembed/1.0/embed9133]
[www.cumby.com/wp-content/uploads/2018/03/29-546-J-RT72-dpi.jpg]
[www.cumby.com/wp-content/uploads/2018/03/29-546-N-RT8.5x11.jpg]
[www.cumby.com/wp-content/uploads/2018/03/29-546-F-RT72-dpi.jpg]
[www.cumby.com/projects/academic/mollie-dodd-anderson-library/index.html]
[www.cumby.com/wp-json/oembed/1.0/embedb651.json]
[www.cumby.com/wp-json/oembed/1.0/embed16db]
[www.cumby.com/wp-content/uploads/2018/03/080709-10.jpg]
[www.cumby.com/wp-content/uploads/2018/03/080709-24.jpg]
[www.cumby.com/wp-content/uploads/2018/03/080709-16.jpg]
[www.cumby.com/wp-content/uploads/2018/03/080709-05B.jpg]
[www.cumby.com/wp-content/uploads/2018/03/080709-13.jpg]
[www.cumby.com/wp-content/uploads/2018/03/080709-11.jpg]
[www.cumby.com/projects/corporate/dansko-corporate-headquarters/index.html]
[www.cumby.com/projects/corporate/dansko-warehouse-distribution-center/index.html]
[www.cumby.com/wp-json/oembed/1.0/embed3bb0.json]
[www.cumby.com/wp-json/oembed/1.0/embed5d68]
[www.cumby.com/wp-content/uploads/2018/03/swarthmore_1.jpg]
[www.cumby.com/wp-content/uploads/2018/03/swarthmore_7.jpg]
[www.cumby.com/wp-content/uploads/2018/03/Green-Roof.jpg]
[www.cumby.com/projects/leed-green-building/alice-paul-residence-hall/index.html]
[www.cumby.com/projects/leed-green-building/david-kemp-residence-hall/index.html]
[www.cumby.com/wp-json/oembed/1.0/embedcab3.json]
[www.cumby.com/wp-json/oembed/1.0/embed0252]
[www.cumby.com/wp-content/uploads/2018/03/Interior_4.jpg]
[www.cumby.com/wp-content/uploads/2018/03/Chapel_pewdetails.jpg]
[www.cumby.com/wp-content/uploads/2018/03/crop_2009-02-11-024_edit.jpg]
[www.cumby.com/projects/religious/st-davids-episcopal-church/index.html]
[www.cumby.com/wp-json/oembed/1.0/embed4644.json]
[www.cumby.com/wp-json/oembed/1.0/embedf626]
[www.cumby.com/wp-content/uploads/2018/03/Sanctuary_Pulpit.jpg]
[www.cumby.com/wp-content/uploads/2018/03/Organ_Interior.jpg]
[www.cumby.com/wp-content/uploads/2018/03/Exterior_1.jpg]
[www.cumby.com/projects/religious/bryn-mawr-presbyterian-church/index.html]
[www.cumby.com/wp-json/oembed/1.0/embed9878.json]
[www.cumby.com/wp-json/oembed/1.0/embed38b2]
[www.cumby.com/wp-content/uploads/2018/03/Exterior-Vert.jpg]
[www.cumby.com/wp-content/uploads/2018/03/05.jpg]
[www.cumby.com/wp-content/uploads/2018/03/Interior_crane.jpg]
[www.cumby.com/projects/corporate/barthco-international-inc/index.html]
[www.cumby.com/index64b4.html]
[www.cumby.com/wp-content/themes/wscumby/images/lockup.svg]
[www.cumby.com/index678b.html]
[www.cumby.com/index0b69.html]
[www.cumby.com/index0e62.html]
[www.cumby.com/index341b.html]
[www.cumby.com/index0345.html]
[www.cumby.com/index2cf9.html]
[www.cumby.com/index88b9.html]
[www.cumby.com/index3c55.html]
[www.cumby.com/index5643.html]
[www.cumby.com/wp-content/uploads/2018/02/service-icon-menu1.svg]
[www.cumby.com/wp-content/uploads/2018/02/service-icon-menu2.svg]
[www.cumby.com/wp-content/uploads/2018/02/service-icon-menu3.svg]
[www.cumby.com/wp-content/uploads/2018/02/service-icon-menu4.svg]
[www.cumby.com/wp-content/uploads/2018/02/service-icon-menu5.svg]
[www.cumby.com/wp-content/uploads/2018/02/service-icon-menu6.svg]
[www.cumby.com/wp-content/uploads/2018/02/service-icons-hero1.svg]
[www.cumby.com/wp-content/uploads/2018/02/service-icons-includes1.svg]
[www.cumby.com/index6c46.html]
[www.cumby.com/wp-content/uploads/2018/02/service-icons-hero2.svg]
[www.cumby.com/wp-content/uploads/2018/02/service-icons-includes2.svg]
[www.cumby.com/index1e7e.html]
[www.cumby.com/wp-content/uploads/2018/02/service-icons-hero3.svg]
[www.cumby.com/wp-content/uploads/2018/02/service-icons-includes3.svg]
[www.cumby.com/index0d0b.html]
[www.cumby.com/wp-content/uploads/2018/02/service-icons-hero5.svg]
[www.cumby.com/wp-content/uploads/2018/02/service-icons-includes4.svg]
[www.cumby.com/indexb93f.html]
[www.cumby.com/wp-content/uploads/2018/02/service-icons-hero4.svg]
[www.cumby.com/wp-content/uploads/2018/02/service-icons-includes5.svg]
[www.cumby.com/index3ba0.html]
[www.cumby.com/wp-content/uploads/2018/02/service-icons-hero6.svg]
[www.cumby.com/wp-content/uploads/2018/02/service-icons-includes6.svg]
[www.cumby.com/index49b1.html]
[www.cumby.com/wp-content/themes/wscumby/images/svg/pattern1-dark.svg]
[www.cumby.com/wp-json/oembed/1.0/embedaa08.json]
[www.cumby.com/wp-json/oembed/1.0/embed043e]
[prequal.pipelinesuite.com/js/widgets/showForm.js]
[www.cumby.com/prequalification-form/index.html]
[www.cumby.com/wp-json/oembed/1.0/embed1438.json]
[www.cumby.com/wp-json/oembed/1.0/embed6a20]
[projects.pipelinesuite.com/js/widgets/openProjects.js]
[www.cumby.com/see-whats-bidding/index.html]
[www.cumby.com/index0945.html]
[www.cumby.com/wp-content/uploads/2018/03/shipley1.jpg]
[www.cumby.com/wp-content/themes/wscumby/index.html]
[www.cumby.com/wp-json/oembed/1.0/embedb7be.json]
[www.cumby.com/demolition-begins-at-sisters-of-st-joseph-chapel/feed/index.html]
[www.cumby.com/wp-json/oembed/1.0/embedb45a]
[www.cumby.com/wp-content/uploads/2018/08/St-Joes-Demo_Before.jpg]
[www.cumby.com/wp-content/uploads/2018/08/St-Joes_During.jpg]
[www.cumby.com/wp-content/uploads/2018/08/St-Joes_Now.jpg]
[www.cumby.com/demolition-begins-at-sisters-of-st-joseph-chapel/index.html]
[www.cumby.com/index3e5f.html]
[www.cumby.com/index91ff.html]
[www.cumby.com/index48d3.html]
[www.cumby.com/wp-content/uploads/2018/06/DSC_0004.jpg]
[www.cumby.com/indexfc84.html]
[www.cumby.com/indexc918.html]
[www.cumby.com/wp-content/uploads/2018/03/9_stoneleigh_exteriorbackafter.jpg]
[www.cumby.com/indexcfab.html]
[www.cumby.com/wp-content/uploads/2018/06/website_180417_406.jpg]
[www.cumby.com/wp-content/uploads/2018/06/website_180417_418.jpg]
[www.cumby.com/wp-content/uploads/2018/06/website_180417_415.jpg]
[www.cumby.com/wp-content/uploads/2018/06/website_180417_402.jpg]
[www.cumby.com/indexbd47.html]
[www.cumby.com/wp-content/uploads/2018/03/29-546-I-RT8.5x11.jpg]
[www.cumby.com/indexd848.html]
[www.cumby.com/index62d8.html]
[www.cumby.com/wp-content/uploads/2018/05/small_DSC_0138.jpg]
[www.cumby.com/wp-content/uploads/2018/05/small_DSC_0134.jpg]
[www.cumby.com/wp-content/uploads/2018/05/small_DSC_0124.jpg]
[www.cumby.com/wp-content/uploads/2018/05/small_DSC_0131.jpg]
[www.cumby.com/index3c55-2.html]
[www.cumby.com/index214b.html]
[www.cumby.com/index904c.html]
[www.cumby.com/indexc7c9.html]
[www.cumby.com/indexb213.html]
[www.cumby.com/index8fbb.html]
[www.cumby.com/indexc518.html]
[www.cumby.com/indexc9bf.html]
[www.cumby.com/indexcaf0.html]
[www.cumby.com/indexe4db.html]
[www.cumby.com/index18ee.html]
[www.cumby.com/index0261.html]
[www.cumby.com/indexc3ba.html]
[www.cumby.com/indexe8d3.html]
[www.cumby.com/index1f38.html]
[www.cumby.com/index38bf.html]
[www.cumby.com/indexd2ad.html]
[www.cumby.com/indexa818.html]
[www.cumby.com/indexc9c1.html]
[www.cumby.com/indexd4f5.html]
[www.cumby.com/index2fb6.html]
[www.cumby.com/index197a.html]
[www.cumby.com/index767a.html]
[www.cumby.com/index6b92.html]
[www.cumby.com/wp-json/oembed/1.0/embedf7de.json]
[www.cumby.com/wp-json/oembed/1.0/embed915d]
[www.cumby.com/wp-content/uploads/2018/03/lower-school-classroom-page-1353_.jpg]
[www.cumby.com/wp-content/uploads/2018/03/middle-school-inside-with-logo-page-953_.jpg]
[www.cumby.com/wp-content/uploads/2018/03/middle-school-inside-2-page-1053_2.jpg]
[www.cumby.com/projects/academic/innovation-space/index.html]
[www.cumby.com/projects/academic/ppr-apartments/index.html]
[www.cumby.com/indexd7bf.html]
[www.cumby.com/wp-json/oembed/1.0/embed52bc.json]
[www.cumby.com/projects/historic/stoneleigh-mansion/index.html]
[www.cumby.com/wp-json/oembed/1.0/embed3ee9]
[www.cumby.com/index6c15.html]
[www.cumby.com/index8bfb.html]
[www.cumby.com/projects/historic/bryn-mawr-film-institute/index.html]
[www.cumby.com/wp-json/oembed/1.0/embedd7e8.json]
[www.cumby.com/wp-json/oembed/1.0/embedbbce]
[www.cumby.com/wp-content/uploads/2018/03/StevenHollArchitects_IAS_BoardRoom_WH.jpg]
[www.cumby.com/wp-content/uploads/2018/03/StevenHollArchitects_IAS_Cafe_WH.jpg]
[www.cumby.com/wp-content/uploads/2018/03/StevenHollArchitects_IAS_Model_WH.jpg]
[www.cumby.com/wp-content/uploads/2018/03/StevenHollArchitects_IAS_NightView_WH.jpg]
[www.cumby.com/wp-content/uploads/2018/03/StevenHollArchitects_IAS_Render_Day_WH.jpg]
[www.cumby.com/wp-content/uploads/2018/03/StevenHollArchitects_IAS_Model_Night_WH.jpg]
[www.cumby.com/projects/academic/rubenstein-commons/index.html]
[www.cumby.com/projects/academic/multipurpose-building/index.html]
[www.cumby.com/indexd4c3.html]
[www.cumby.com/index3c3e.html]
[www.cumby.com/wp-json/oembed/1.0/embededb2.json]
[www.cumby.com/wp-json/oembed/1.0/embede478]
[www.cumby.com/wp-content/uploads/2018/03/29-543-E-RT8.5x11.jpg]
[www.cumby.com/wp-content/uploads/2018/03/29-543-J-RT8.5x11.jpg]
[www.cumby.com/wp-content/uploads/2018/03/29-543-D-RT8.5x11.jpg]
[www.cumby.com/wp-content/uploads/2018/03/29-543-H-RT8.5x11.jpg]
[www.cumby.com/wp-content/uploads/2018/03/29-543-L-RT8.5x11.jpg]
[www.cumby.com/projects/historic/carl-a-fields-center/index.html]
[www.cumby.com/indexe145.html]
[www.cumby.com/index912b.html]
[www.cumby.com/wp-json/oembed/1.0/embed189c.json]
[www.cumby.com/wp-json/oembed/1.0/embed7090]
[www.cumby.com/wp-content/uploads/2018/03/090305-02.jpg]
[www.cumby.com/wp-content/uploads/2018/03/090305-01.jpg]
[www.cumby.com/wp-content/uploads/2018/03/090305-03.jpg]
[www.cumby.com/projects/leed-green-building/kappen-aquatic-center/index.html]
[www.cumby.com/index049d.html]
[www.cumby.com/wp-json/oembed/1.0/embed01cc.json]
[www.cumby.com/wp-json/oembed/1.0/embed5972]
[www.cumby.com/wp-content/uploads/2018/03/2007JT66.415.jpg]
[www.cumby.com/wp-content/uploads/2018/03/2007JT66.409.jpg]
[www.cumby.com/wp-content/uploads/2018/03/2007JT66.410.jpg]
[www.cumby.com/projects/religious/pitman-united-methodist-church/index.html]
[www.cumby.com/index0a82.html]
[www.cumby.com/wp-json/oembed/1.0/embedde9b.json]
[www.cumby.com/wp-json/oembed/1.0/embed1308]
[www.cumby.com/wp-content/uploads/2018/07/website_DSC_0208edit.jpg]
[www.cumby.com/wp-content/uploads/2018/07/website_DSC_0220edit.jpg]
[www.cumby.com/wp-content/uploads/2018/07/website_SC_0167.jpg]
[www.cumby.com/wp-content/uploads/2018/07/website_DSC_0175edit.jpg]
[www.cumby.com/wp-content/uploads/2018/07/website_DSC_0234edit.jpg]
[www.cumby.com/wp-content/uploads/2018/07/website_DSC_0243edit.jpg]
[www.cumby.com/wp-content/uploads/2018/07/website_DSC_0192edit.jpg]
[www.cumby.com/projects/senior-living/waverly-heights/index.html]
[www.cumby.com/projects/senior-living/acts-granite-farms-estates/index.html]
[www.cumby.com/index820c.html]
[www.cumby.com/index043e.html]
[www.cumby.com/wp-json/oembed/1.0/embed5c7a.json]
[www.cumby.com/wp-json/oembed/1.0/embedd050]
[www.cumby.com/wp-content/uploads/2018/03/i-TFSXR9b-low-res.jpg]
[www.cumby.com/wp-content/uploads/2018/03/i-gZHncDL.jpg]
[www.cumby.com/wp-content/uploads/2018/03/i-CmBP8dF.jpg]
[www.cumby.com/projects/corporate/dansko-warehouse-distribution-center/index.html]
[www.cumby.com/projects/corporate/nextfab-studio/index.html]
[www.cumby.com/index2cc4.html]
[www.cumby.com/wp-json/oembed/1.0/embed6e27.json]
[www.cumby.com/wp-json/oembed/1.0/embed9895]
[www.cumby.com/wp-content/uploads/2018/03/WS-Cumby-Swathmore-College-Exteriors-c-Rob-Ikeler-2008-006.jpg]
[www.cumby.com/wp-content/uploads/2018/03/WS-Cumby-Swathmore-Dorm-Interiors-LTS-Exteriors-024.jpg]
[www.cumby.com/wp-content/uploads/2018/03/WS-Cumby-Swathmore-Dorm-Interiors-LTS-Exteriors-001.jpg]
[www.cumby.com/projects/leed-green-building/david-kemp-residence-hall/index.html]
[www.cumby.com/projects/leed-green-building/wister-education-center-and-greenhouse/index.html]
[www.cumby.com/index6144.html]
[www.cumby.com/index914d.html]
[www.cumby.com/indexc2d1.html]
[www.cumby.com/index5a4f.html]
[prequal.pipelinesuite.com/js/widgets/showForm.js]
[www.cumby.com/indexfded.html]
[projects.pipelinesuite.com/js/widgets/openProjects.js]
[www.cumby.com/indexe129.html]
[www.cumby.com/indexc5e7.html]
[www.cumby.com/wp-json/oembed/1.0/embed884e.json]
[www.cumby.com/wp-json/oembed/1.0/embed9552]
[www.cumby.com/wp-content/uploads/2018/03/2017_11_10DigSwa04_A.jpg]
[www.cumby.com/wp-content/uploads/2018/03/2017_11_10DigSwa05_A.jpg]
[www.cumby.com/wp-content/uploads/2018/03/2017_11_10DigSwa03_A.jpg]
[www.cumby.com/wp-content/uploads/2018/03/2017_11_10DigSwa14_A.jpg]
[www.cumby.com/wp-content/uploads/2018/03/2017_11_10DigSwa13_A.jpg]
[www.cumby.com/wp-content/uploads/2018/03/2017_11_10DigSwa15_A.jpg]
[www.cumby.com/projects/academic/ppr-apartments/index.html]
[www.cumby.com/index4192.html]
[www.cumby.com/wp-json/oembed/1.0/embedd3f7.json]
[www.cumby.com/wp-json/oembed/1.0/embedd6f2]
[www.cumby.com/wp-content/uploads/2018/03/1.jpg]
[www.cumby.com/wp-content/uploads/2018/03/006.jpg]
[www.cumby.com/wp-content/uploads/2018/03/2.21.14_brynmawrfilm_2.jpg]
[www.cumby.com/projects/historic/bryn-mawr-film-institute/index.html]
[www.cumby.com/index37c3.html]
[www.cumby.com/wp-json/oembed/1.0/embedd74b.json]
[www.cumby.com/projects/historic/the-mansion-building/index.html]
[www.cumby.com/wp-json/oembed/1.0/embed04e0]
[www.cumby.com/wp-content/uploads/2018/03/IMG_0353.jpg]
[www.cumby.com/wp-content/uploads/2018/03/726109029406828004-gsfs-campus-view-saturated.full_.jpg]
[www.cumby.com/wp-content/uploads/2018/03/IMG_0387.jpg]
[www.cumby.com/wp-content/uploads/2018/03/668725609388985510-grndbrking.full_.jpg]
[www.cumby.com/wp-content/uploads/2018/03/IMG_0307.jpg]
[www.cumby.com/wp-content/uploads/2018/03/IMG_0352.jpg]
[www.cumby.com/projects/academic/multipurpose-building/index.html]
[www.cumby.com/index3afd.html]
[www.cumby.com/indexc052.html]
[www.cumby.com/indexb4d9.html]
[www.cumby.com/index9a65.html]
[www.cumby.com/wp-json/oembed/1.0/embed6c7b.json]
[www.cumby.com/wp-json/oembed/1.0/embed09cd]
[www.cumby.com/wp-content/uploads/2018/03/RL_GF_090511_0067_S.jpg]
[www.cumby.com/wp-content/uploads/2018/03/RL_GF_090511_0009_S.jpg]
[www.cumby.com/projects/senior-living/acts-granite-farms-estates/index.html]
[www.cumby.com/projects/senior-living/atria-center-city/index.html]
[www.cumby.com/index028e.html]
[www.cumby.com/wp-json/oembed/1.0/embed88b8.json]
[www.cumby.com/wp-json/oembed/1.0/embed8fec]
[www.cumby.com/wp-content/uploads/2018/03/NextFab_163P2.jpg]
[www.cumby.com/wp-content/uploads/2018/03/NextFab_029P2.jpg]
[www.cumby.com/wp-content/uploads/2018/03/NextFab_058P2.jpg]
[www.cumby.com/projects/corporate/nextfab-studio/index.html]
[www.cumby.com/projects/corporate/nfl-films-headquarters/index.html]
[www.cumby.com/index82dc.html]
[www.cumby.com/wp-json/oembed/1.0/embed4c95.json]
[www.cumby.com/wp-json/oembed/1.0/embed4ba7]
[www.cumby.com/wp-content/uploads/2018/03/Side-Gardens.jpg]
[www.cumby.com/wp-content/uploads/2018/03/Greenhouse.jpg]
[www.cumby.com/wp-content/uploads/2018/03/Front-Context.jpg]
[www.cumby.com/wp-content/uploads/2018/03/Classroom-Meeting.jpg]
[www.cumby.com/wp-content/uploads/2018/03/Wister-at-Night.jpg]
[www.cumby.com/projects/leed-green-building/wister-education-center-and-greenhouse/index.html]
[www.cumby.com/projects/leed-green-building/stony-brook-millstone-watershed-center/index.html]
[www.cumby.com/indexb45d.html]
[www.cumby.com/indexf14d.html]
[www.cumby.com/wp-json/oembed/1.0/embed9f56.json]
[www.cumby.com/wp-json/oembed/1.0/embed02f9]
[www.cumby.com/wp-content/uploads/2018/03/14_notredamemansion_exteriorafter7.jpg]
[www.cumby.com/wp-content/uploads/2018/03/8_notredamemansion_exteriorafter1.jpg]
[www.cumby.com/wp-content/uploads/2018/03/10_notredamemansion_exteriorafter3.jpg]
[www.cumby.com/projects/historic/the-mansion-building/index.html]
[www.cumby.com/projects/historic/ivy-club/index.html]
[www.cumby.com/index20a4.html]
[www.cumby.com/indexf4ae.html]
[www.cumby.com/wp-json/oembed/1.0/embeda377.json]
[www.cumby.com/wp-json/oembed/1.0/embed7291]
[www.cumby.com/wp-content/uploads/2018/03/170719_404.jpg]
[www.cumby.com/wp-content/uploads/2018/03/170719_405.jpg]
[www.cumby.com/wp-content/uploads/2018/03/170719_402.jpg]
[www.cumby.com/projects/senior-living/atria-center-city/index.html]
[www.cumby.com/projects/senior-living/beaumont-at-bryn-mawr/index.html]
[www.cumby.com/index9ab8.html]
[www.cumby.com/wp-json/oembed/1.0/embed27b4.json]
[www.cumby.com/wp-json/oembed/1.0/embed5c45]
[www.cumby.com/wp-content/uploads/2018/03/films_exterior_detail.jpg]
[www.cumby.com/wp-content/uploads/2018/03/ws_cumby_photo13.jpg]
[www.cumby.com/wp-content/uploads/2018/03/films_exterior_sunset.jpg]
[www.cumby.com/wp-content/uploads/2018/03/ws_cumby_photo15.jpg]
[www.cumby.com/wp-content/uploads/2018/03/interior.jpg]
[www.cumby.com/projects/corporate/nfl-films-headquarters/index.html]
[www.cumby.com/projects/corporate/weavers-way-ambler/index.html]
[www.cumby.com/index6f5e.html]
[www.cumby.com/wp-json/oembed/1.0/embed1c1e.json]
[www.cumby.com/wp-json/oembed/1.0/embedb8a2]
[www.cumby.com/wp-content/uploads/2018/03/HR_1113-06.jpg]
[www.cumby.com/wp-content/uploads/2018/03/HR_1113-23.jpg]
[www.cumby.com/wp-content/uploads/2018/03/HR_1113-17.jpg]
[www.cumby.com/wp-content/uploads/2018/03/HR_1113-19.jpg]
[www.cumby.com/wp-content/uploads/2018/03/HR_1113-18.jpg]
[www.cumby.com/wp-content/uploads/2018/03/HR_1113-27.jpg]
[www.cumby.com/projects/leed-green-building/stony-brook-millstone-watershed-center/index.html]
[www.cumby.com/index74e6.html]
[www.cumby.com/wp-json/oembed/1.0/embedd0bb.json]
[www.cumby.com/wp-json/oembed/1.0/embed4513]
[www.cumby.com/wp-content/uploads/2018/03/091019-03.jpg]
[www.cumby.com/wp-content/uploads/2018/03/091019-02.jpg]
[www.cumby.com/wp-content/uploads/2018/03/091019-10.jpg]
[www.cumby.com/projects/historic/ivy-club/index.html]
[www.cumby.com/projects/historic/merion-cricket-club/index.html]
[www.cumby.com/indexb0e9.html]
[www.cumby.com/wp-json/oembed/1.0/embedde0e.json]
[www.cumby.com/wp-json/oembed/1.0/embed4cb4]
[www.cumby.com/wp-content/uploads/2018/03/Beaumont-01.jpg]
[www.cumby.com/wp-content/uploads/2018/03/ws_cumby_photo45.jpg]
[www.cumby.com/wp-content/uploads/2018/03/14.jpg]
[www.cumby.com/projects/senior-living/beaumont-at-bryn-mawr/index.html]
[www.cumby.com/projects/senior-living/saunders-house/index.html]
[www.cumby.com/index6d2c.html]
[www.cumby.com/wp-json/oembed/1.0/embedd673.json]
[www.cumby.com/wp-json/oembed/1.0/embed2b8c]
[www.cumby.com/wp-content/uploads/2018/03/3.jpg]
[www.cumby.com/wp-content/uploads/2018/03/4.jpg]
[www.cumby.com/wp-content/uploads/2018/03/2018-01-10.jpg]
[www.cumby.com/projects/corporate/weavers-way-ambler/index.html]
[www.cumby.com/projects/corporate/wrt-design-office/index.html]
[www.cumby.com/indexf065.html]
[www.cumby.com/indexcf8a.html]
[www.cumby.com/wp-json/oembed/1.0/embed511d.json]
[www.cumby.com/wp-json/oembed/1.0/embed2303]
[www.cumby.com/wp-content/uploads/2018/03/DSC_0139.jpg]
[www.cumby.com/wp-content/uploads/2018/03/DSC_0058_1.jpg]
[www.cumby.com/wp-content/uploads/2018/03/DSC_0137.jpg]
[www.cumby.com/projects/historic/merion-cricket-club/index.html]
[www.cumby.com/index942e.html]
[www.cumby.com/wp-json/oembed/1.0/embeda6a6.json]
[www.cumby.com/wp-json/oembed/1.0/embed1c11]
[www.cumby.com/wp-content/uploads/2018/03/Lounge6.jpg]
[www.cumby.com/wp-content/uploads/2018/03/Dining3.jpg]
[www.cumby.com/wp-content/uploads/2018/03/Exterior2.jpg]
[www.cumby.com/projects/senior-living/saunders-house/index.html]
[www.cumby.com/projects/senior-living/tenacre-cottages/index.html]
[www.cumby.com/index89f6.html]
[www.cumby.com/wp-json/oembed/1.0/embed6542.json]
[www.cumby.com/wp-json/oembed/1.0/embed01fa]
[www.cumby.com/wp-content/uploads/2018/03/Conference.jpg]
[www.cumby.com/wp-content/uploads/2018/03/Outside_view.jpg]
[www.cumby.com/wp-content/uploads/2018/03/Lobby_1.jpg]
[www.cumby.com/wp-content/uploads/2018/03/Hall_1.jpg]
[www.cumby.com/wp-content/uploads/2018/03/Office_view.jpg]
[www.cumby.com/projects/corporate/wrt-design-office/index.html]
[www.cumby.com/projects/corporate/920-sproul-road/index.html]
[www.cumby.com/indexe618.html]
[www.cumby.com/index9fb4.html]
[www.cumby.com/wp-json/oembed/1.0/embedde3e.json]
[www.cumby.com/wp-json/oembed/1.0/embedc93a]
[www.cumby.com/wp-content/uploads/2018/03/ford3img-1.jpg]
[www.cumby.com/wp-content/uploads/2018/03/ford3img-4.jpg]
[www.cumby.com/wp-content/uploads/2018/03/ford3img.jpg]
[www.cumby.com/wp-content/uploads/2018/03/ford3img-2.jpg]
[www.cumby.com/wp-content/uploads/2018/03/ford3img-6.jpg]
[www.cumby.com/projects/senior-living/tenacre-cottages/index.html]
[www.cumby.com/indexc508.html]
[www.cumby.com/wp-json/oembed/1.0/embed8f67.json]
[www.cumby.com/wp-json/oembed/1.0/embed791c]
[www.cumby.com/wp-content/uploads/2018/03/i-xz9jzhn.jpg]
[www.cumby.com/wp-content/uploads/2018/03/i-mb3JjPM.jpg]
[www.cumby.com/wp-content/uploads/2018/03/i-DdntKsX.jpg]
[www.cumby.com/projects/corporate/920-sproul-road/index.html]
[www.cumby.com/projects/corporate/ardmore-farmers-market/index.html]
[www.cumby.com/index8146.html]
[www.cumby.com/index9ed5.html]
[www.cumby.com/wp-json/oembed/1.0/embedb18f.json]
[www.cumby.com/wp-json/oembed/1.0/embedd76b]
[www.cumby.com/wp-content/uploads/2018/03/015.jpg]
[www.cumby.com/wp-content/uploads/2018/03/scan8.jpg]
[www.cumby.com/wp-content/uploads/2018/03/010.jpg]
[www.cumby.com/wp-content/uploads/2018/03/Ardmore-Farmers-Market-02.jpg]
[www.cumby.com/wp-content/uploads/2018/03/005.jpg]
[www.cumby.com/projects/corporate/ardmore-farmers-market/index.html]
[www.cumby.com/indexe0b1.html]
